// Jest Snapshot v1, https://goo.gl/fbAQLP

exports[`Ejercicio 1 - El componente ProductCard 1) Renderiza 1`] = `
<DocumentFragment>
  <li>
    <div>
      <p>
        Samsung Galaxy A03 128 Gb Negro 4 Gb Ram
      </p>
      <p>
        $ 38999
      </p>
      <a
        target="_blank"
      >
        <img
          alt="Samsung Galaxy A03 128 Gb Negro 4 Gb Ram"
          class=""
          decoding="async"
          src="http://http2.mlstatic.com/D_737913-MLA49433851234_032022-I.jpg"
        />
      </a>
      <button>
        ❤️ Agregar a favoritos
      </button>
    </div>
  </li>
</DocumentFragment>
`;
